2026-01-28 22:12:36,951 | INFO | automation | Configuration loaded successfully
2026-01-28 22:12:36,951 | INFO | automation | Running with config: {'input_format': 'csv', 'input_path': 'data/input', 'output_path': 'data/output', 'failed_path': 'data/failed', 'required_columns': ['id', 'name', 'amount'], 'schedule_interval_minutes': 10}
2026-01-28 22:12:36,951 | INFO | automation | Automation system initialized
2026-02-02 21:23:25,055 | INFO | automation | Configuration loaded successfully
2026-02-02 21:23:25,055 | INFO | automation | Running with config: {'input_format': 'csv', 'input_path': 'data/input', 'output_path': 'data/output', 'failed_path': 'data/failed', 'required_columns': ['id', 'name', 'amount'], 'schedule_interval_minutes': 10}
2026-02-02 21:23:25,055 | INFO | automation | Automation system initialized
2026-02-02 21:27:09,049 | INFO | automation | Configuration loaded successfully
2026-02-02 21:27:09,049 | INFO | automation | Running with config: {'input_format': 'csv', 'input_path': 'data/input', 'output_path': 'data/output', 'failed_path': 'data/failed', 'required_columns': ['id', 'name', 'amount'], 'schedule_interval_minutes': 10}
2026-02-02 21:27:09,049 | INFO | automation | Automation system initialized
2026-02-02 21:38:54,369 | INFO | automation | Configuration loaded successfully
2026-02-02 21:38:54,376 | ERROR | automation | Validation failed for test.csv.csv: Missing columns: {'name', 'id', 'amount'}
2026-02-02 21:38:54,376 | INFO | automation | Validation phase completed
2026-02-02 22:41:57,871 | INFO | automation | Configuration loaded successfully
2026-02-02 22:41:57,871 | INFO | automation | No input files found
2026-02-02 22:41:57,871 | INFO | automation | Validation phase completed
2026-02-02 22:46:39,112 | INFO | automation | Configuration loaded successfully
2026-02-02 22:46:39,113 | INFO | automation | No input files found
2026-02-02 22:46:39,113 | INFO | automation | Validation phase completed
2026-02-02 22:53:27,201 | INFO | automation | Configuration loaded successfully
2026-02-02 22:53:27,208 | INFO | automation | No input files found
2026-02-02 22:53:27,208 | INFO | automation | Validation phase completed
2026-02-02 22:56:01,887 | INFO | automation | Configuration loaded successfully
2026-02-02 22:56:01,919 | INFO | automation | Validated successfully: test.csv
2026-02-02 22:56:01,919 | INFO | automation | Validation phase completed
2026-02-02 22:59:36,064 | INFO | automation | Configuration loaded successfully
2026-02-02 22:59:36,071 | INFO | automation | Writing output to: data/output\test.csv
2026-02-02 22:59:36,074 | INFO | automation | Validated successfully: test.csv
2026-02-02 22:59:36,074 | INFO | automation | Validation phase completed
2026-02-04 23:38:50,014 | INFO | automation | Configuration loaded successfully
2026-02-04 23:38:50,014 | INFO | automation | Scheduler started (interval = 10 minutes)
2026-02-04 23:48:50,449 | INFO | automation | Scheduled run started
2026-02-04 23:48:50,516 | INFO | automation | Writing output to: data/output\test.csv
2026-02-04 23:48:50,527 | INFO | automation | Validated successfully: test.csv
2026-02-04 23:48:50,527 | INFO | automation | Scheduled run completed successfully
2026-02-04 23:58:51,064 | INFO | automation | Scheduled run started
2026-02-04 23:58:51,068 | INFO | automation | Writing output to: data/output\test.csv
2026-02-04 23:58:51,082 | INFO | automation | Validated successfully: test.csv
2026-02-04 23:58:51,082 | INFO | automation | Scheduled run completed successfully
2026-02-05 00:07:47,921 | INFO | automation | Configuration loaded successfully
2026-02-05 00:07:47,921 | INFO | automation | Scheduler started (interval = 10 minutes)
2026-02-05 00:08:51,815 | INFO | automation | Scheduled run started
2026-02-05 00:08:51,824 | INFO | automation | Writing output to: data/output\test.csv
2026-02-05 00:08:51,830 | INFO | automation | Validated successfully: test.csv
2026-02-05 00:08:51,830 | INFO | automation | Scheduled run completed successfully
2026-02-05 00:11:13,236 | INFO | automation | Configuration loaded successfully
2026-02-05 00:11:13,242 | INFO | automation | Scheduler started (interval = 1 minutes)
2026-02-18 22:26:31,547 | INFO | automation | Configuration loaded successfully
2026-02-18 22:26:31,547 | INFO | automation | Scheduler started (interval = 1 minutes)
2026-02-18 22:27:29,114 | INFO | automation | Scheduler stopped by user
2026-02-18 22:40:40,094 | INFO | automation | Configuration loaded successfully
2026-02-18 22:40:40,094 | INFO | automation | Scheduler started (interval = 1 minutes)
2026-02-18 22:40:40,094 | INFO | automation | Scheduled run started
2026-02-18 22:40:40,141 | INFO | automation | Writing output to: C:\Users\San\Documents\progsandalgs\Python\business_process_automation\data/output\test.csv
2026-02-18 22:40:40,145 | INFO | automation | Validated successfully: test.csv
2026-02-18 22:40:40,145 | INFO | automation | Scheduled run completed successfully
2026-02-18 22:40:40,145 | INFO | automation | Metrics → Success: 1, Failures: 0
2026-02-18 22:41:40,191 | INFO | automation | Scheduled run started
2026-02-18 22:41:40,196 | INFO | automation | Writing output to: C:\Users\San\Documents\progsandalgs\Python\business_process_automation\data/output\test.csv
2026-02-18 22:41:40,204 | INFO | automation | Validated successfully: test.csv
2026-02-18 22:41:40,204 | INFO | automation | Scheduled run completed successfully
2026-02-18 22:41:40,204 | INFO | automation | Metrics → Success: 2, Failures: 0
2026-02-18 22:42:40,248 | INFO | automation | Scheduled run started
2026-02-18 22:42:40,254 | INFO | automation | Writing output to: C:\Users\San\Documents\progsandalgs\Python\business_process_automation\data/output\test.csv
2026-02-18 22:42:40,261 | INFO | automation | Validated successfully: test.csv
2026-02-18 22:42:40,261 | INFO | automation | Scheduled run completed successfully
2026-02-18 22:42:40,264 | INFO | automation | Metrics → Success: 3, Failures: 0
2026-02-18 22:43:40,303 | INFO | automation | Scheduled run started
2026-02-18 22:43:40,311 | INFO | automation | Writing output to: C:\Users\San\Documents\progsandalgs\Python\business_process_automation\data/output\test.csv
2026-02-18 22:43:40,314 | INFO | automation | Validated successfully: test.csv
2026-02-18 22:43:40,314 | INFO | automation | Scheduled run completed successfully
2026-02-18 22:43:40,314 | INFO | automation | Metrics → Success: 4, Failures: 0
2026-02-18 22:44:40,357 | INFO | automation | Scheduled run started
2026-02-18 22:44:40,365 | INFO | automation | Writing output to: C:\Users\San\Documents\progsandalgs\Python\business_process_automation\data/output\test.csv
2026-02-18 22:44:40,369 | INFO | automation | Validated successfully: test.csv
2026-02-18 22:44:40,369 | INFO | automation | Scheduled run completed successfully
2026-02-18 22:44:40,369 | INFO | automation | Metrics → Success: 5, Failures: 0
2026-02-18 22:45:00,768 | INFO | automation | Scheduler stopped by user
{"timestamp": "2026-02-23T17:19:14.199737", "level": "INFO", "logger": "automation", "message": "Configuration loaded successfully"}
{"timestamp": "2026-02-23T17:19:14.199737", "level": "INFO", "logger": "automation", "message": "Scheduler started (interval = 1 minutes)"}
{"timestamp": "2026-02-23T17:19:14.199737", "level": "INFO", "logger": "automation", "message": "Scheduled run started"}
{"timestamp": "2026-02-23T17:19:14.238858", "level": "INFO", "logger": "automation", "message": "Writing output to: C:\\Users\\San\\Documents\\progsandalgs\\Python\\business_process_automation\\data/output\\test.csv"}
{"timestamp": "2026-02-23T17:19:14.242823", "level": "INFO", "logger": "automation", "message": "Validated successfully: test.csv"}
{"timestamp": "2026-02-23T17:19:14.242823", "level": "INFO", "logger": "automation", "message": "Scheduled run completed successfully"}
{"timestamp": "2026-02-23T17:19:14.242823", "level": "INFO", "logger": "automation", "message": "Metrics \u2192 Success: 1, Failures: 0"}
{"timestamp": "2026-02-23T17:20:14.277476", "level": "INFO", "logger": "automation", "message": "Scheduled run started"}
{"timestamp": "2026-02-23T17:20:14.277476", "level": "INFO", "logger": "automation", "message": "Writing output to: C:\\Users\\San\\Documents\\progsandalgs\\Python\\business_process_automation\\data/output\\test.csv"}
{"timestamp": "2026-02-23T17:20:14.277476", "level": "INFO", "logger": "automation", "message": "Validated successfully: test.csv"}
{"timestamp": "2026-02-23T17:20:14.277476", "level": "INFO", "logger": "automation", "message": "Scheduled run completed successfully"}
{"timestamp": "2026-02-23T17:20:14.277476", "level": "INFO", "logger": "automation", "message": "Metrics \u2192 Success: 2, Failures: 0"}
{"timestamp": "2026-02-23T17:21:14.322574", "level": "INFO", "logger": "automation", "message": "Scheduled run started"}
{"timestamp": "2026-02-23T17:21:14.330128", "level": "INFO", "logger": "automation", "message": "Writing output to: C:\\Users\\San\\Documents\\progsandalgs\\Python\\business_process_automation\\data/output\\test.csv"}
{"timestamp": "2026-02-23T17:21:14.334155", "level": "INFO", "logger": "automation", "message": "Validated successfully: test.csv"}
{"timestamp": "2026-02-23T17:21:14.334155", "level": "INFO", "logger": "automation", "message": "Scheduled run completed successfully"}
{"timestamp": "2026-02-23T17:21:14.334155", "level": "INFO", "logger": "automation", "message": "Metrics \u2192 Success: 3, Failures: 0"}
{"timestamp": "2026-02-23T17:22:14.366702", "level": "INFO", "logger": "automation", "message": "Scheduled run started"}
{"timestamp": "2026-02-23T17:22:14.371416", "level": "INFO", "logger": "automation", "message": "Writing output to: C:\\Users\\San\\Documents\\progsandalgs\\Python\\business_process_automation\\data/output\\test.csv"}
{"timestamp": "2026-02-23T17:22:14.373330", "level": "INFO", "logger": "automation", "message": "Validated successfully: test.csv"}
{"timestamp": "2026-02-23T17:22:14.373330", "level": "INFO", "logger": "automation", "message": "Scheduled run completed successfully"}
{"timestamp": "2026-02-23T17:22:14.373330", "level": "INFO", "logger": "automation", "message": "Metrics \u2192 Success: 4, Failures: 0"}
{"timestamp": "2026-02-23T17:23:14.409437", "level": "INFO", "logger": "automation", "message": "Scheduled run started"}
{"timestamp": "2026-02-23T17:23:14.409437", "level": "INFO", "logger": "automation", "message": "Writing output to: C:\\Users\\San\\Documents\\progsandalgs\\Python\\business_process_automation\\data/output\\test.csv"}
{"timestamp": "2026-02-23T17:23:14.409437", "level": "INFO", "logger": "automation", "message": "Validated successfully: test.csv"}
{"timestamp": "2026-02-23T17:23:14.409437", "level": "INFO", "logger": "automation", "message": "Scheduled run completed successfully"}
{"timestamp": "2026-02-23T17:23:14.409437", "level": "INFO", "logger": "automation", "message": "Metrics \u2192 Success: 5, Failures: 0"}
{"timestamp": "2026-02-23T17:24:08.341736", "level": "INFO", "logger": "automation", "message": "Scheduler stopped by user"}
